// Jest Snapshot v1, https://goo.gl/fbAQLP

exports[`NotFoundScreen Rendering should render the component with initial state 1`] = `
<section>
  <h1>
    not_found_screen.heading
  </h1>
  <p>
    not_found_screen.paragraph
  </p>
</section>
`;
