// Jest Snapshot v1, https://goo.gl/fbAQLP

exports[`Not Found screen Rendering should render the component 1`] = `
<section>
  <h1>
    not_found_screen.heading
  </h1>
  <p>
    not_found_screen.paragraph
  </p>
</section>
`;
