// Jest Snapshot v1, https://goo.gl/fbAQLP

exports[`AppHeader Rendering should render the component 1`] = `null`;
